     1                                  ;Guardar el archivo
     2                                  ;path C:\Ensamblador\MinGW\bin
     3                                  ;nasm -f win32 -o arreglos.o arreglos.asm -l arreglos.lst
     4                                  ;gcc -o arreglos.exe arreglos.o
     5                                  segment .data
     6 00000000 0A                      x	db	10	;00409000
     7 00000001 14                      y	db	20	;00409001
     8 00000002 0102030405              arr db 	1,2,3,4,5
     9 00000007 010002000300040005-     ar2 dw 	1,2,3,4,5
     9 00000010 00                 
    10 00000011 010000000200000003-     ar3 dd 	1,2,3,4,5
    10 0000001A 000000040000000500-
    10 00000023 0000               
    11 00000025 FF                      z	db	0xFF;00409025
    12                                  
    13                                  ;T = Num bytes que tiene el tipo de dato del array
    14                                  ;arr db	1,	;00409002 + (i*T)
    15                                  ;		2,	;00409002 + (i*T)		
    16                                  ;		3,	;00409002 + (i*T)
    17                                  ;		4,	;00409002 + (i*T)
    18                                  ;		5   ;00409002 + (i*T)
    19                                  
    20                                  ;ar2 dw	1,	;00409007 + (0*2) = 00409007
    21                                  ;		2,	;00409007 + (1*2) = 00409009
    22                                  ;		3,	;00409007 + (2*2) = 0040900B
    23                                  ;		4,	;00409007 + (3*2) = 0040900D
    24                                  ;		5   ;00409007 + (4*2) = 0040900F
    25                                  ;			PARTE BAJA DEL 5  = 00409010  FIN DEL ARRAY
    26                                  
    27                                  ;ar3 dd	1,	;00409011		  = 00409011
    28                                  ;		2,	;00409011 + (1*4) = 00409015
    29                                  ;		3,	;00409011 + (2*4) = 00409019
    30                                  ;		4,	;00409011 + (3*4) = 0040901D
    31                                  ;		5   ;00409011 + (4*4) = 00409021
    32                                  ;			PARTE BAJA DEL 5  = 00409024  FIN DEL ARRAY
    33                                  
    34                                  segment .bss
    35                                  
    36                                  segment .text
    37                                  global _main
    38                                  _main:
    39                                  
    40 00000000 C3                      ret
