     1                                  ;Guardar el archivo
     2                                  ;path C:\Ensamblador\MinGW\bin
     3                                  ;nasm -f win32 -o while.o while.asm -l while.lst
     4                                  ;gcc -o while.exe while.o
     5                                  segment .data
     6                                  
     7                                  segment .bss
     8                                  
     9                                  segment .text
    10                                  global _main
    11                                  _main:
    12 00000000 B801000000                  mov eax,1          ;eax=1
    13                                  condicion:
    14 00000005 83F805                      cmp eax,5           ;while(eax <=5)
    15 00000008 7F03                        jg salirDelCiclo    ;{
    16 0000000A 40                          inc eax             ;    eax++;
    17 0000000B EBF8                        jmp condicion       ;}
    18                                  salirDelCiclo:
    19 0000000D C3                      ret
